n/image_210.jpg
n/image_209.jpg
n/image_208.jpg
n/image_207.jpg
n/image_205.jpg
n/image_206.jpg
n/image_203.jpg
n/image_204.jpg
n/image_202.jpg
n/image_201.jpg
n/image_200.jpg
n/image_198.jpg
n/image_199.jpg
n/image_197.jpg
n/image_196.jpg
n/image_195.jpg
n/image_193.jpg
n/image_194.jpg
n/image_191.jpg
n/image_192.jpg
n/image_190.jpg
n/image_189.jpg
n/image_188.jpg
n/image_186.jpg
n/image_187.jpg
n/image_185.jpg
n/image_184.jpg
n/image_182.jpg
n/image_183.jpg
n/image_181.jpg
n/image_179.jpg
n/image_180.jpg
n/image_177.jpg
n/image_178.jpg
n/image_176.jpg
n/image_175.jpg
n/image_174.jpg
n/image_172.jpg
n/image_173.jpg
n/image_171.jpg
n/image_170.jpg
n/image_168.jpg
n/image_169.jpg
n/image_167.jpg
n/image_165.jpg
n/image_166.jpg
n/image_164.jpg
n/image_163.jpg
n/image_162.jpg
n/image_160.jpg
n/image_161.jpg
n/image_159.jpg
n/image_158.jpg
n/image_156.jpg
n/image_157.jpg
n/image_155.jpg
n/image_153.jpg
n/image_154.jpg
n/image_152.jpg
n/image_151.jpg
n/image_149.jpg
n/image_150.jpg
n/image_148.jpg
n/image_147.jpg
n/image_145.jpg
n/image_146.jpg
n/image_144.jpg
n/image_143.jpg
n/image_141.jpg
n/image_142.jpg
n/image_140.jpg
n/image_138.jpg
n/image_139.jpg
n/image_137.jpg
n/image_136.jpg
n/image_135.jpg
n/image_133.jpg
n/image_134.jpg
n/image_132.jpg
n/image_130.jpg
n/image_131.jpg
n/image_129.jpg
n/image_127.jpg
n/image_128.jpg
n/image_125.jpg
n/image_126.jpg
n/image_124.jpg
n/image_123.jpg
n/image_121.jpg
n/image_122.jpg
n/image_120.jpg
n/image_119.jpg
n/image_117.jpg
n/image_118.jpg
n/image_115.jpg
n/image_116.jpg
n/image_113.jpg
n/image_114.jpg
n/image_112.jpg
n/image_111.jpg
n/image_110.jpg
n/image_108.jpg
n/image_109.jpg
n/image_107.jpg
n/image_106.jpg
n/image_104.jpg
n/image_105.jpg
n/image_103.jpg
n/image_102.jpg
n/image_100.jpg
n/image_101.jpg
n/image_98.jpg
n/image_99.jpg
n/image_97.jpg
n/image_96.jpg
n/image_95.jpg
n/image_93.jpg
n/image_94.jpg
n/image_92.jpg
n/image_91.jpg
n/image_89.jpg
n/image_90.jpg
n/image_88.jpg
n/image_87.jpg
n/image_85.jpg
n/image_86.jpg
n/image_84.jpg
n/image_83.jpg
n/image_82.jpg
n/image_80.jpg
n/image_81.jpg
n/image_79.jpg
n/image_77.jpg
n/image_78.jpg
n/image_76.jpg
n/image_74.jpg
n/image_75.jpg
n/image_73.jpg
n/image_72.jpg
n/image_71.jpg
n/image_69.jpg
n/image_70.jpg
n/image_68.jpg
n/image_67.jpg
n/image_65.jpg
n/image_66.jpg
n/image_64.jpg
n/image_63.jpg
n/image_61.jpg
n/image_62.jpg
n/image_59.jpg
n/image_60.jpg
n/image_58.jpg
n/image_57.jpg
n/image_55.jpg
n/image_56.jpg
n/image_54.jpg
n/image_53.jpg
n/image_52.jpg
n/image_50.jpg
n/image_51.jpg
n/image_49.jpg
n/image_48.jpg
n/image_46.jpg
n/image_47.jpg
n/image_45.jpg
n/image_44.jpg
n/image_42.jpg
n/image_43.jpg
n/image_41.jpg
n/image_40.jpg
n/image_39.jpg
n/image_37.jpg
n/image_38.jpg
n/image_36.jpg
n/image_34.jpg
n/image_35.jpg
n/image_33.jpg
n/image_31.jpg
n/image_32.jpg
n/image_29.jpg
n/image_30.jpg
n/image_28.jpg
n/image_27.jpg
n/image_26.jpg
n/image_24.jpg
n/image_25.jpg
n/image_23.jpg
n/image_22.jpg
n/image_20.jpg
n/image_21.jpg
n/image_19.jpg
n/image_17.jpg
n/image_18.jpg
n/image_16.jpg
n/image_15.jpg
n/image_13.jpg
n/image_14.jpg
n/image_11.jpg
n/image_12.jpg
n/image_10.jpg
n/image_9.jpg
n/image_8.jpg
n/image_6.jpg
n/image_7.jpg
n/image_5.jpg
n/image_4.jpg
n/image_3.jpg
n/image_2.jpg
n/image_1.jpg